{
  "version": "1.4.0",
  "plugins_used": [
    {
      "name": "ArtifactoryDetector"
    },
    {
      "name": "AWSKeyDetector"
    },
    {
      "name": "AzureStorageKeyDetector"
    },
    {
      "name": "Base64HighEntropyString",
      "limit": 4.5
    },
    {
      "name": "BasicAuthDetector"
    },
    {
      "name": "CloudantDetector"
    },
    {
      "name": "DiscordBotTokenDetector"
    },
    {
      "name": "GitHubTokenDetector"
    },
    {
      "name": "HexHighEntropyString",
      "limit": 3.0
    },
    {
      "name": "IbmCloudIamDetector"
    },
    {
      "name": "IbmCosHmacDetector"
    },
    {
      "name": "JwtTokenDetector"
    },
    {
      "name": "KeywordDetector",
      "keyword_exclude": ""
    },
    {
      "name": "MailchimpDetector"
    },
    {
      "name": "NpmDetector"
    },
    {
      "name": "PrivateKeyDetector"
    },
    {
      "name": "SendGridDetector"
    },
    {
      "name": "SlackDetector"
    },
    {
      "name": "SoftlayerDetector"
    },
    {
      "name": "SquareOAuthDetector"
    },
    {
      "name": "StripeDetector"
    },
    {
      "name": "TwilioKeyDetector"
    }
  ],
  "filters_used": [
    {
      "path": "detect_secrets.filters.allowlist.is_line_allowlisted"
    },
    {
      "path": "detect_secrets.filters.common.is_baseline_file",
      "filename": ".secrets.baseline"
    },
    {
      "path": "detect_secrets.filters.common.is_ignored_due_to_verification_policies",
      "min_level": 2
    },
    {
      "path": "detect_secrets.filters.heuristic.is_indirect_reference"
    },
    {
      "path": "detect_secrets.filters.heuristic.is_likely_id_string"
    },
    {
      "path": "detect_secrets.filters.heuristic.is_lock_file"
    },
    {
      "path": "detect_secrets.filters.heuristic.is_not_alphanumeric_string"
    },
    {
      "path": "detect_secrets.filters.heuristic.is_potential_uuid"
    },
    {
      "path": "detect_secrets.filters.heuristic.is_prefixed_with_dollar_sign"
    },
    {
      "path": "detect_secrets.filters.heuristic.is_sequential_string"
    },
    {
      "path": "detect_secrets.filters.heuristic.is_swagger_file"
    },
    {
      "path": "detect_secrets.filters.heuristic.is_templated_secret"
    }
  ],
  "results": {
    "backend/scripts/split_ai_agent_complete.py": [
      {
        "type": "Secret Keyword",
        "filename": "backend/scripts/split_ai_agent_complete.py",
        "hashed_secret": "3e8098190cee2a20954fe69e261d04acd6d00ca4",
        "is_verified": false,
        "line_number": 64
      }
    ],
    "backend/scripts/split_ai_agent_with_embedded_indexes.py": [
      {
        "type": "Secret Keyword",
        "filename": "backend/scripts/split_ai_agent_with_embedded_indexes.py",
        "hashed_secret": "3e8098190cee2a20954fe69e261d04acd6d00ca4",
        "is_verified": false,
        "line_number": 175
      }
    ],
    "backend/scripts/split_migration_ai_agent_0001_v2.py": [
      {
        "type": "Secret Keyword",
        "filename": "backend/scripts/split_migration_ai_agent_0001_v2.py",
        "hashed_secret": "3e8098190cee2a20954fe69e261d04acd6d00ca4",
        "is_verified": false,
        "line_number": 130
      }
    ],
    "backend/src/core/auth/tests/test_mode_aware.py": [
      {
        "type": "Secret Keyword",
        "filename": "backend/src/core/auth/tests/test_mode_aware.py",
        "hashed_secret": "1c58bd92003bbaa0538e249fff6ee19a270dec5f",
        "is_verified": false,
        "line_number": 71
      },
      {
        "type": "Secret Keyword",
        "filename": "backend/src/core/auth/tests/test_mode_aware.py",
        "hashed_secret": "6eb67d95dba1a614971e31e78146d44bd4a3ada3",
        "is_verified": false,
        "line_number": 82
      },
      {
        "type": "Secret Keyword",
        "filename": "backend/src/core/auth/tests/test_mode_aware.py",
        "hashed_secret": "a8af4759392d4f7496d613174f33afe2074a4b8d",
        "is_verified": false,
        "line_number": 159
      }
    ],
    "backend/src/core/licensing/README.md": [
      {
        "type": "Secret Keyword",
        "filename": "backend/src/core/licensing/README.md",
        "hashed_secret": "a616a64c0fbc30f12287d0f24f3b90dd2e6a206e",
        "is_verified": false,
        "line_number": 51
      }
    ],
    "backend/src/core/tests/test_csrf_fail_closed.py": [
      {
        "type": "Secret Keyword",
        "filename": "backend/src/core/tests/test_csrf_fail_closed.py",
        "hashed_secret": "cdbc37ad70e22fd7bc55134b2c700f2124e7ab3c",
        "is_verified": false,
        "line_number": 26
      }
    ],
    "backend/src/core/tests/test_module_signing.py": [
      {
        "type": "Private Key",
        "filename": "backend/src/core/tests/test_module_signing.py",
        "hashed_secret": "1348b145fa1a555461c1b790a2f66614781091e9",
        "is_verified": false,
        "line_number": 23
      }
    ],
    "backend/src/core/tests/test_resilient_http.py": [
      {
        "type": "Basic Auth Credentials",
        "filename": "backend/src/core/tests/test_resilient_http.py",
        "hashed_secret": "5baa61e4c9b93f3f0682250b6cf8331b7ee68fd8",
        "is_verified": false,
        "line_number": 151
      }
    ],
    "backend/src/core/tests/test_secrets.py": [
      {
        "type": "Secret Keyword",
        "filename": "backend/src/core/tests/test_secrets.py",
        "hashed_secret": "d51f846285cbc6d1dd76677a0fd588c8df44e506",
        "is_verified": false,
        "line_number": 33
      }
    ],
    "backend/src/modules/accounting_finance/tests/test_api.py": [
      {
        "type": "Secret Keyword",
        "filename": "backend/src/modules/accounting_finance/tests/test_api.py",
        "hashed_secret": "1c58bd92003bbaa0538e249fff6ee19a270dec5f",
        "is_verified": false,
        "line_number": 40
      }
    ],
    "backend/src/modules/accounting_finance/tests/test_health.py": [
      {
        "type": "Basic Auth Credentials",
        "filename": "backend/src/modules/accounting_finance/tests/test_health.py",
        "hashed_secret": "e5e9fa1ba31ecd1ae84f75caaa474f3a663f05f4",
        "is_verified": false,
        "line_number": 62
      }
    ],
    "backend/src/modules/accounting_finance/tests/test_isolation.py": [
      {
        "type": "Secret Keyword",
        "filename": "backend/src/modules/accounting_finance/tests/test_isolation.py",
        "hashed_secret": "1c58bd92003bbaa0538e249fff6ee19a270dec5f",
        "is_verified": false,
        "line_number": 47
      }
    ],
    "backend/src/modules/ai_agent_management/egress_models.py": [
      {
        "type": "Secret Keyword",
        "filename": "backend/src/modules/ai_agent_management/egress_models.py",
        "hashed_secret": "665b1e3851eefefa3fb878654292f16597d25155",
        "is_verified": false,
        "line_number": 40
      },
      {
        "type": "Secret Keyword",
        "filename": "backend/src/modules/ai_agent_management/egress_models.py",
        "hashed_secret": "5baa61e4c9b93f3f0682250b6cf8331b7ee68fd8",
        "is_verified": false,
        "line_number": 41
      }
    ],
    "backend/src/modules/ai_agent_management/manifest.yaml": [
      {
        "type": "Secret Keyword",
        "filename": "backend/src/modules/ai_agent_management/manifest.yaml",
        "hashed_secret": "8f3a07543988e4673dcae5e59c35323c5791f370",
        "is_verified": false,
        "line_number": 222
      },
      {
        "type": "Secret Keyword",
        "filename": "backend/src/modules/ai_agent_management/manifest.yaml",
        "hashed_secret": "3f282fcba8933e03a65a6dc92a27de8396961e2f",
        "is_verified": false,
        "line_number": 224
      }
    ],
    "backend/src/modules/ai_agent_management/tests/test_health.py": [
      {
        "type": "Basic Auth Credentials",
        "filename": "backend/src/modules/ai_agent_management/tests/test_health.py",
        "hashed_secret": "5baa61e4c9b93f3f0682250b6cf8331b7ee68fd8",
        "is_verified": false,
        "line_number": 111
      }
    ],
    "backend/src/modules/ai_agent_management/tests/test_isolation.py": [
      {
        "type": "Secret Keyword",
        "filename": "backend/src/modules/ai_agent_management/tests/test_isolation.py",
        "hashed_secret": "ee977806d7286510da8b9a7492ba58e2484c0ecc",
        "is_verified": false,
        "line_number": 164
      }
    ],
    "backend/src/modules/ai_agent_management/tests/test_resilience.py": [
      {
        "type": "Basic Auth Credentials",
        "filename": "backend/src/modules/ai_agent_management/tests/test_resilience.py",
        "hashed_secret": "5baa61e4c9b93f3f0682250b6cf8331b7ee68fd8",
        "is_verified": false,
        "line_number": 122
      }
    ],
    "backend/src/modules/ai_agent_management/tests/test_services.py": [
      {
        "type": "Secret Keyword",
        "filename": "backend/src/modules/ai_agent_management/tests/test_services.py",
        "hashed_secret": "ee977806d7286510da8b9a7492ba58e2484c0ecc",
        "is_verified": false,
        "line_number": 317
      },
      {
        "type": "Secret Keyword",
        "filename": "backend/src/modules/ai_agent_management/tests/test_services.py",
        "hashed_secret": "665b1e3851eefefa3fb878654292f16597d25155",
        "is_verified": false,
        "line_number": 343
      }
    ],
    "backend/src/modules/ai_provider_configuration/tests/test_isolation.py": [
      {
        "type": "Secret Keyword",
        "filename": "backend/src/modules/ai_provider_configuration/tests/test_isolation.py",
        "hashed_secret": "1c58bd92003bbaa0538e249fff6ee19a270dec5f",
        "is_verified": false,
        "line_number": 53
      },
      {
        "type": "Secret Keyword",
        "filename": "backend/src/modules/ai_provider_configuration/tests/test_isolation.py",
        "hashed_secret": "758cbf89e6c7bf9d7373327d1352906d8358f2d4",
        "is_verified": false,
        "line_number": 115
      },
      {
        "type": "Secret Keyword",
        "filename": "backend/src/modules/ai_provider_configuration/tests/test_isolation.py",
        "hashed_secret": "021a76db5abb74a9e2a42f22fa4f163a9ed38c5b",
        "is_verified": false,
        "line_number": 121
      }
    ],
    "backend/src/modules/asset_management/tests/conftest.py": [
      {
        "type": "Secret Keyword",
        "filename": "backend/src/modules/asset_management/tests/conftest.py",
        "hashed_secret": "789cbe0407840b1c2041cb33452ff60f19bf58cc",
        "is_verified": false,
        "line_number": 61
      }
    ],
    "backend/src/modules/asset_management/tests/test_api.py": [
      {
        "type": "Secret Keyword",
        "filename": "backend/src/modules/asset_management/tests/test_api.py",
        "hashed_secret": "0438799df5ecee65adaa9c079e728bb522dee177",
        "is_verified": false,
        "line_number": 300
      },
      {
        "type": "Basic Auth Credentials",
        "filename": "backend/src/modules/asset_management/tests/test_api.py",
        "hashed_secret": "e8af0e18ff4805f4efd84f58b0fa69e3780f35a4",
        "is_verified": false,
        "line_number": 300
      }
    ],
    "backend/src/modules/automation_orchestration/tests/test_api.py": [
      {
        "type": "Secret Keyword",
        "filename": "backend/src/modules/automation_orchestration/tests/test_api.py",
        "hashed_secret": "1551153e1ba95f9a1c292a49cd3f576b7e26b50d",
        "is_verified": false,
        "line_number": 98
      }
    ],
    "backend/src/modules/backup_recovery/tests/test_models.py": [
      {
        "type": "Basic Auth Credentials",
        "filename": "backend/src/modules/backup_recovery/tests/test_models.py",
        "hashed_secret": "5baa61e4c9b93f3f0682250b6cf8331b7ee68fd8",
        "is_verified": false,
        "line_number": 86
      }
    ],
    "backend/src/modules/billing_subscriptions/tests/test_api.py": [
      {
        "type": "Secret Keyword",
        "filename": "backend/src/modules/billing_subscriptions/tests/test_api.py",
        "hashed_secret": "1c58bd92003bbaa0538e249fff6ee19a270dec5f",
        "is_verified": false,
        "line_number": 43
      }
    ],
    "backend/src/modules/billing_subscriptions/tests/test_isolation.py": [
      {
        "type": "Secret Keyword",
        "filename": "backend/src/modules/billing_subscriptions/tests/test_isolation.py",
        "hashed_secret": "1c58bd92003bbaa0538e249fff6ee19a270dec5f",
        "is_verified": false,
        "line_number": 48
      }
    ],
    "backend/src/modules/billing_subscriptions/tests/test_payment_service.py": [
      {
        "type": "Secret Keyword",
        "filename": "backend/src/modules/billing_subscriptions/tests/test_payment_service.py",
        "hashed_secret": "f991e2b245187136a9828cf993b7859c66c3150c",
        "is_verified": false,
        "line_number": 54
      },
      {
        "type": "Secret Keyword",
        "filename": "backend/src/modules/billing_subscriptions/tests/test_payment_service.py",
        "hashed_secret": "bb635c72bdcbd8309f5e627271a254975d339db5",
        "is_verified": false,
        "line_number": 119
      },
      {
        "type": "Secret Keyword",
        "filename": "backend/src/modules/billing_subscriptions/tests/test_payment_service.py",
        "hashed_secret": "2e8a3d5cbfeb3818c59b66a9f0bf3b80990489f3",
        "is_verified": false,
        "line_number": 194
      },
      {
        "type": "Secret Keyword",
        "filename": "backend/src/modules/billing_subscriptions/tests/test_payment_service.py",
        "hashed_secret": "04b8403f4d893437be4b8d8303ee525988e880b2",
        "is_verified": false,
        "line_number": 289
      },
      {
        "type": "Secret Keyword",
        "filename": "backend/src/modules/billing_subscriptions/tests/test_payment_service.py",
        "hashed_secret": "72cb70dbbafe97e5ea13ad88acd65d08389439b0",
        "is_verified": false,
        "line_number": 305
      }
    ],
    "backend/src/modules/blockchain_traceability/services.py": [
      {
        "type": "Base64 High Entropy String",
        "filename": "backend/src/modules/blockchain_traceability/services.py",
        "hashed_secret": "f2a832e76ac8ff76a637bdf363c0178b2caaf91c",
        "is_verified": false,
        "line_number": 422
      }
    ],
    "backend/src/modules/blockchain_traceability/tests/fixtures/event_hash_v1.json": [
      {
        "type": "Hex High Entropy String",
        "filename": "backend/src/modules/blockchain_traceability/tests/fixtures/event_hash_v1.json",
        "hashed_secret": "b4f2831c7650664297e951be630f48f3d894e98b",
        "is_verified": false,
        "line_number": 14
      }
    ],
    "backend/src/modules/budget_management/tests/test_api.py": [
      {
        "type": "Secret Keyword",
        "filename": "backend/src/modules/budget_management/tests/test_api.py",
        "hashed_secret": "1c58bd92003bbaa0538e249fff6ee19a270dec5f",
        "is_verified": false,
        "line_number": 49
      }
    ],
    "backend/src/modules/budget_management/tests/test_isolation.py": [
      {
        "type": "Secret Keyword",
        "filename": "backend/src/modules/budget_management/tests/test_isolation.py",
        "hashed_secret": "1c58bd92003bbaa0538e249fff6ee19a270dec5f",
        "is_verified": false,
        "line_number": 51
      }
    ],
    "backend/src/modules/communication_hub/tests/test_api.py": [
      {
        "type": "Secret Keyword",
        "filename": "backend/src/modules/communication_hub/tests/test_api.py",
        "hashed_secret": "1c58bd92003bbaa0538e249fff6ee19a270dec5f",
        "is_verified": false,
        "line_number": 40
      }
    ],
    "backend/src/modules/communication_hub/tests/test_isolation.py": [
      {
        "type": "Secret Keyword",
        "filename": "backend/src/modules/communication_hub/tests/test_isolation.py",
        "hashed_secret": "1c58bd92003bbaa0538e249fff6ee19a270dec5f",
        "is_verified": false,
        "line_number": 41
      }
    ],
    "backend/src/modules/compliance_management/tests/test_health.py": [
      {
        "type": "Basic Auth Credentials",
        "filename": "backend/src/modules/compliance_management/tests/test_health.py",
        "hashed_secret": "6af3c121ed4a752936c297cddfb7b00394eabf10",
        "is_verified": false,
        "line_number": 34
      }
    ],
    "backend/src/modules/crm/tests/test_health.py": [
      {
        "type": "Basic Auth Credentials",
        "filename": "backend/src/modules/crm/tests/test_health.py",
        "hashed_secret": "e5e9fa1ba31ecd1ae84f75caaa474f3a663f05f4",
        "is_verified": false,
        "line_number": 28
      }
    ],
    "backend/src/modules/customization_framework/tests/test_health.py": [
      {
        "type": "Secret Keyword",
        "filename": "backend/src/modules/customization_framework/tests/test_health.py",
        "hashed_secret": "cc45a8fc6237c1df7f5491060e192185a650bfd7",
        "is_verified": false,
        "line_number": 15
      },
      {
        "type": "Basic Auth Credentials",
        "filename": "backend/src/modules/customization_framework/tests/test_health.py",
        "hashed_secret": "e5e9fa1ba31ecd1ae84f75caaa474f3a663f05f4",
        "is_verified": false,
        "line_number": 15
      }
    ],
    "backend/src/modules/customization_framework/tests/test_services.py": [
      {
        "type": "Secret Keyword",
        "filename": "backend/src/modules/customization_framework/tests/test_services.py",
        "hashed_secret": "0ee50c7efb76bf146168e01eda93ee8781069332",
        "is_verified": false,
        "line_number": 271
      }
    ],
    "backend/src/modules/data_migration/tests/test_api_additional.py": [
      {
        "type": "Secret Keyword",
        "filename": "backend/src/modules/data_migration/tests/test_api_additional.py",
        "hashed_secret": "e5e9fa1ba31ecd1ae84f75caaa474f3a663f05f4",
        "is_verified": false,
        "line_number": 24
      }
    ],
    "backend/src/modules/data_migration/tests/test_health.py": [
      {
        "type": "Basic Auth Credentials",
        "filename": "backend/src/modules/data_migration/tests/test_health.py",
        "hashed_secret": "e5e9fa1ba31ecd1ae84f75caaa474f3a663f05f4",
        "is_verified": false,
        "line_number": 34
      }
    ],
    "backend/src/modules/data_migration/tests/test_services.py": [
      {
        "type": "Secret Keyword",
        "filename": "backend/src/modules/data_migration/tests/test_services.py",
        "hashed_secret": "d8bb04dddbecd3eb0eaa36481f878a4a60caeabc",
        "is_verified": false,
        "line_number": 370
      }
    ],
    "backend/src/modules/data_migration/tests/test_v2_api_contract.py": [
      {
        "type": "Secret Keyword",
        "filename": "backend/src/modules/data_migration/tests/test_v2_api_contract.py",
        "hashed_secret": "e5e9fa1ba31ecd1ae84f75caaa474f3a663f05f4",
        "is_verified": false,
        "line_number": 72
      },
      {
        "type": "Basic Auth Credentials",
        "filename": "backend/src/modules/data_migration/tests/test_v2_api_contract.py",
        "hashed_secret": "e5e9fa1ba31ecd1ae84f75caaa474f3a663f05f4",
        "is_verified": false,
        "line_number": 133
      }
    ],
    "backend/src/modules/dms/tests/test_api.py": [
      {
        "type": "Secret Keyword",
        "filename": "backend/src/modules/dms/tests/test_api.py",
        "hashed_secret": "1551153e1ba95f9a1c292a49cd3f576b7e26b50d",
        "is_verified": false,
        "line_number": 66
      }
    ],
    "backend/src/modules/document_intelligence/tests/test_health.py": [
      {
        "type": "Basic Auth Credentials",
        "filename": "backend/src/modules/document_intelligence/tests/test_health.py",
        "hashed_secret": "5baa61e4c9b93f3f0682250b6cf8331b7ee68fd8",
        "is_verified": false,
        "line_number": 116
      },
      {
        "type": "Secret Keyword",
        "filename": "backend/src/modules/document_intelligence/tests/test_health.py",
        "hashed_secret": "bea1d0cd6ccf0cef1b2a6157547c04750c6df1c1",
        "is_verified": false,
        "line_number": 116
      }
    ],
    "backend/src/modules/document_intelligence/tests/test_resilience.py": [
      {
        "type": "Secret Keyword",
        "filename": "backend/src/modules/document_intelligence/tests/test_resilience.py",
        "hashed_secret": "b9195046b87c2809f75ef516d77b285a84806ab3",
        "is_verified": false,
        "line_number": 189
      }
    ],
    "backend/src/modules/document_intelligence/tests/test_services.py": [
      {
        "type": "Secret Keyword",
        "filename": "backend/src/modules/document_intelligence/tests/test_services.py",
        "hashed_secret": "c58028f25f851309483bad48b4202fe56c37051e",
        "is_verified": false,
        "line_number": 314
      }
    ],
    "backend/src/modules/integration_platform/models.py": [
      {
        "type": "Secret Keyword",
        "filename": "backend/src/modules/integration_platform/models.py",
        "hashed_secret": "665b1e3851eefefa3fb878654292f16597d25155",
        "is_verified": false,
        "line_number": 66
      },
      {
        "type": "Secret Keyword",
        "filename": "backend/src/modules/integration_platform/models.py",
        "hashed_secret": "e8fc807ce6fbcda13f91c5b64850173873de0cdc",
        "is_verified": false,
        "line_number": 68
      }
    ],
    "backend/src/modules/integration_platform/tests/test_api.py": [
      {
        "type": "Secret Keyword",
        "filename": "backend/src/modules/integration_platform/tests/test_api.py",
        "hashed_secret": "1551153e1ba95f9a1c292a49cd3f576b7e26b50d",
        "is_verified": false,
        "line_number": 104
      },
      {
        "type": "Secret Keyword",
        "filename": "backend/src/modules/integration_platform/tests/test_api.py",
        "hashed_secret": "3f7ee11ff8e4c4c8b20e5ef8176c1aa91a92add7",
        "is_verified": false,
        "line_number": 254
      },
      {
        "type": "Secret Keyword",
        "filename": "backend/src/modules/integration_platform/tests/test_api.py",
        "hashed_secret": "db7b605a225a65e9c51128961db1ed415606adcf",
        "is_verified": false,
        "line_number": 344
      },
      {
        "type": "Secret Keyword",
        "filename": "backend/src/modules/integration_platform/tests/test_api.py",
        "hashed_secret": "13af3b6fb3a8ea4aa5f44671fa56773ceab75b4f",
        "is_verified": false,
        "line_number": 476
      }
    ],
    "backend/src/modules/integration_platform/tests/test_health.py": [
      {
        "type": "Basic Auth Credentials",
        "filename": "backend/src/modules/integration_platform/tests/test_health.py",
        "hashed_secret": "e5e9fa1ba31ecd1ae84f75caaa474f3a663f05f4",
        "is_verified": false,
        "line_number": 139
      }
    ],
    "backend/src/modules/localization/tests/test_api.py": [
      {
        "type": "Secret Keyword",
        "filename": "backend/src/modules/localization/tests/test_api.py",
        "hashed_secret": "1c58bd92003bbaa0538e249fff6ee19a270dec5f",
        "is_verified": false,
        "line_number": 41
      }
    ],
    "backend/src/modules/localization/tests/test_isolation.py": [
      {
        "type": "Secret Keyword",
        "filename": "backend/src/modules/localization/tests/test_isolation.py",
        "hashed_secret": "1c58bd92003bbaa0538e249fff6ee19a270dec5f",
        "is_verified": false,
        "line_number": 47
      }
    ],
    "backend/src/modules/master_data_management/tests/test_health.py": [
      {
        "type": "Basic Auth Credentials",
        "filename": "backend/src/modules/master_data_management/tests/test_health.py",
        "hashed_secret": "6af3c121ed4a752936c297cddfb7b00394eabf10",
        "is_verified": false,
        "line_number": 64
      },
      {
        "type": "Secret Keyword",
        "filename": "backend/src/modules/master_data_management/tests/test_health.py",
        "hashed_secret": "e265794a2ab094255e735b8bf6afb312e5fecb49",
        "is_verified": false,
        "line_number": 64
      }
    ],
    "backend/src/modules/metadata_modeling/tests/test_isolation.py": [
      {
        "type": "Secret Keyword",
        "filename": "backend/src/modules/metadata_modeling/tests/test_isolation.py",
        "hashed_secret": "1c58bd92003bbaa0538e249fff6ee19a270dec5f",
        "is_verified": false,
        "line_number": 47
      }
    ],
    "backend/src/modules/multi_company/tests/test_api.py": [
      {
        "type": "Secret Keyword",
        "filename": "backend/src/modules/multi_company/tests/test_api.py",
        "hashed_secret": "1c58bd92003bbaa0538e249fff6ee19a270dec5f",
        "is_verified": false,
        "line_number": 40
      }
    ],
    "backend/src/modules/multi_company/tests/test_isolation.py": [
      {
        "type": "Secret Keyword",
        "filename": "backend/src/modules/multi_company/tests/test_isolation.py",
        "hashed_secret": "1c58bd92003bbaa0538e249fff6ee19a270dec5f",
        "is_verified": false,
        "line_number": 41
      }
    ],
    "backend/src/modules/notifications/api.py": [
      {
        "type": "Secret Keyword",
        "filename": "backend/src/modules/notifications/api.py",
        "hashed_secret": "87816635ffd0128858142b8e70a6ca44082849e2",
        "is_verified": false,
        "line_number": 605
      }
    ],
    "backend/src/modules/notifications/permissions.py": [
      {
        "type": "Secret Keyword",
        "filename": "backend/src/modules/notifications/permissions.py",
        "hashed_secret": "87816635ffd0128858142b8e70a6ca44082849e2",
        "is_verified": false,
        "line_number": 103
      }
    ],
    "backend/src/modules/notifications/tests/test_api.py": [
      {
        "type": "Secret Keyword",
        "filename": "backend/src/modules/notifications/tests/test_api.py",
        "hashed_secret": "87816635ffd0128858142b8e70a6ca44082849e2",
        "is_verified": false,
        "line_number": 244
      }
    ],
    "backend/src/modules/performance_monitoring/tests/test_isolation.py": [
      {
        "type": "Secret Keyword",
        "filename": "backend/src/modules/performance_monitoring/tests/test_isolation.py",
        "hashed_secret": "789cbe0407840b1c2041cb33452ff60f19bf58cc",
        "is_verified": false,
        "line_number": 18
      }
    ],
    "backend/src/modules/platform_management/tests/test_api.py": [
      {
        "type": "Secret Keyword",
        "filename": "backend/src/modules/platform_management/tests/test_api.py",
        "hashed_secret": "1c58bd92003bbaa0538e249fff6ee19a270dec5f",
        "is_verified": false,
        "line_number": 31
      }
    ],
    "backend/src/modules/project_management/tests/test_api.py": [
      {
        "type": "Secret Keyword",
        "filename": "backend/src/modules/project_management/tests/test_api.py",
        "hashed_secret": "1c58bd92003bbaa0538e249fff6ee19a270dec5f",
        "is_verified": false,
        "line_number": 40
      }
    ],
    "backend/src/modules/project_management/tests/test_isolation.py": [
      {
        "type": "Secret Keyword",
        "filename": "backend/src/modules/project_management/tests/test_isolation.py",
        "hashed_secret": "1c58bd92003bbaa0538e249fff6ee19a270dec5f",
        "is_verified": false,
        "line_number": 41
      }
    ],
    "backend/src/modules/purchase_management/tests/test_api.py": [
      {
        "type": "Secret Keyword",
        "filename": "backend/src/modules/purchase_management/tests/test_api.py",
        "hashed_secret": "1c58bd92003bbaa0538e249fff6ee19a270dec5f",
        "is_verified": false,
        "line_number": 41
      }
    ],
    "backend/src/modules/purchase_management/tests/test_isolation.py": [
      {
        "type": "Secret Keyword",
        "filename": "backend/src/modules/purchase_management/tests/test_isolation.py",
        "hashed_secret": "1c58bd92003bbaa0538e249fff6ee19a270dec5f",
        "is_verified": false,
        "line_number": 41
      }
    ],
    "backend/src/modules/regional/tests/test_api.py": [
      {
        "type": "Secret Keyword",
        "filename": "backend/src/modules/regional/tests/test_api.py",
        "hashed_secret": "1c58bd92003bbaa0538e249fff6ee19a270dec5f",
        "is_verified": false,
        "line_number": 32
      }
    ],
    "backend/src/modules/regional/tests/test_isolation.py": [
      {
        "type": "Secret Keyword",
        "filename": "backend/src/modules/regional/tests/test_isolation.py",
        "hashed_secret": "1c58bd92003bbaa0538e249fff6ee19a270dec5f",
        "is_verified": false,
        "line_number": 24
      }
    ],
    "backend/src/modules/regional/tests/test_services.py": [
      {
        "type": "Secret Keyword",
        "filename": "backend/src/modules/regional/tests/test_services.py",
        "hashed_secret": "6fa686cfa5c4579db48e20bf6295755d23680067",
        "is_verified": false,
        "line_number": 60
      }
    ],
    "backend/src/modules/sales_management/tests/test_health.py": [
      {
        "type": "Basic Auth Credentials",
        "filename": "backend/src/modules/sales_management/tests/test_health.py",
        "hashed_secret": "6af3c121ed4a752936c297cddfb7b00394eabf10",
        "is_verified": false,
        "line_number": 50
      }
    ],
    "backend/src/modules/security_access_control/services.py": [
      {
        "type": "Secret Keyword",
        "filename": "backend/src/modules/security_access_control/services.py",
        "hashed_secret": "082ccb0d65fc93822a22a45edc7200186621bb0a",
        "is_verified": false,
        "line_number": 2371
      }
    ],
    "backend/src/modules/security_access_control/tests/test_health.py": [
      {
        "type": "Basic Auth Credentials",
        "filename": "backend/src/modules/security_access_control/tests/test_health.py",
        "hashed_secret": "e5e9fa1ba31ecd1ae84f75caaa474f3a663f05f4",
        "is_verified": false,
        "line_number": 45
      }
    ],
    "backend/src/modules/security_access_control/tests/test_observability.py": [
      {
        "type": "Secret Keyword",
        "filename": "backend/src/modules/security_access_control/tests/test_observability.py",
        "hashed_secret": "6a70e16bad114440250e5c845372bfb1cd723e63",
        "is_verified": false,
        "line_number": 28
      }
    ],
    "backend/src/modules/security_access_control/tests/test_services.py": [
      {
        "type": "Secret Keyword",
        "filename": "backend/src/modules/security_access_control/tests/test_services.py",
        "hashed_secret": "e5e9fa1ba31ecd1ae84f75caaa474f3a663f05f4",
        "is_verified": false,
        "line_number": 637
      }
    ],
    "backend/src/modules/security_access_control/validators.py": [
      {
        "type": "Secret Keyword",
        "filename": "backend/src/modules/security_access_control/validators.py",
        "hashed_secret": "8f135f486b180652d61e1b9e6093dd0e2165d46e",
        "is_verified": false,
        "line_number": 111
      }
    ],
    "backend/src/modules/tenant_management/tests/test_api.py": [
      {
        "type": "Secret Keyword",
        "filename": "backend/src/modules/tenant_management/tests/test_api.py",
        "hashed_secret": "1c58bd92003bbaa0538e249fff6ee19a270dec5f",
        "is_verified": false,
        "line_number": 39
      }
    ],
    "backend/src/modules/workflow_automation/tests/test_api.py": [
      {
        "type": "Secret Keyword",
        "filename": "backend/src/modules/workflow_automation/tests/test_api.py",
        "hashed_secret": "1551153e1ba95f9a1c292a49cd3f576b7e26b50d",
        "is_verified": false,
        "line_number": 52
      }
    ],
    "frontend/src/components/auth/LoginForm.test.tsx": [
      {
        "type": "Secret Keyword",
        "filename": "frontend/src/components/auth/LoginForm.test.tsx",
        "hashed_secret": "cbfdac6008f9cab4083784cbd1874f76618d2a97",
        "is_verified": false,
        "line_number": 140
      }
    ],
    "frontend/src/modules/ai_agent_management/contracts.ts": [
      {
        "type": "Secret Keyword",
        "filename": "frontend/src/modules/ai_agent_management/contracts.ts",
        "hashed_secret": "665b1e3851eefefa3fb878654292f16597d25155",
        "is_verified": false,
        "line_number": 397
      }
    ],
    "frontend/src/modules/ai_agent_management/pages/GovernancePage.tsx": [
      {
        "type": "Secret Keyword",
        "filename": "frontend/src/modules/ai_agent_management/pages/GovernancePage.tsx",
        "hashed_secret": "665b1e3851eefefa3fb878654292f16597d25155",
        "is_verified": false,
        "line_number": 107
      }
    ],
    "frontend/src/modules/ai_provider_configuration/pages/CreateAiProviderConfigurationResourcePage.tsx": [
      {
        "type": "Secret Keyword",
        "filename": "frontend/src/modules/ai_provider_configuration/pages/CreateAiProviderConfigurationResourcePage.tsx",
        "hashed_secret": "53b0a1b2fadf4e040cdc2155a7340de24aca93cb",
        "is_verified": false,
        "line_number": 48
      }
    ],
    "frontend/src/modules/ai_provider_configuration/pages/__tests__/CreateAiProviderConfigurationResourcePage.test.tsx": [
      {
        "type": "Secret Keyword",
        "filename": "frontend/src/modules/ai_provider_configuration/pages/__tests__/CreateAiProviderConfigurationResourcePage.test.tsx",
        "hashed_secret": "9a5ed82255c49fa3ebdfc04ec5547232be1490f4",
        "is_verified": false,
        "line_number": 82
      }
    ],
    "frontend/src/pages/user/ProfilePage.tsx": [
      {
        "type": "Secret Keyword",
        "filename": "frontend/src/pages/user/ProfilePage.tsx",
        "hashed_secret": "3e7d56a95804ff3c322b97a7e7cdba25dc920957",
        "is_verified": false,
        "line_number": 44
      },
      {
        "type": "Secret Keyword",
        "filename": "frontend/src/pages/user/ProfilePage.tsx",
        "hashed_secret": "d69c3b1ac54be7da3666d9937b9c78e7c309d6e8",
        "is_verified": false,
        "line_number": 47
      },
      {
        "type": "Secret Keyword",
        "filename": "frontend/src/pages/user/ProfilePage.tsx",
        "hashed_secret": "53e4473d56b4ab3cb7db5f04744c017077e42c40",
        "is_verified": false,
        "line_number": 50
      }
    ],
    "frontend/src/services/auth-contracts.ts": [
      {
        "type": "Secret Keyword",
        "filename": "frontend/src/services/auth-contracts.ts",
        "hashed_secret": "551b2ecd829878ea79c9357cde15c4229c2a951e",
        "is_verified": false,
        "line_number": 99
      }
    ],
    "frontend/src/services/auth-service.test.ts": [
      {
        "type": "Secret Keyword",
        "filename": "frontend/src/services/auth-service.test.ts",
        "hashed_secret": "cbfdac6008f9cab4083784cbd1874f76618d2a97",
        "is_verified": false,
        "line_number": 45
      }
    ]
  },
  "generated_at": "2026-07-31T17:25:53Z"
}
